2025-09-08T07:18:27.1369679Z Current runner version: '2.328.0'
2025-09-08T07:18:27.1391785Z ##[group]Runner Image Provisioner
2025-09-08T07:18:27.1392611Z Hosted Compute Agent
2025-09-08T07:18:27.1393179Z Version: 20250829.383
2025-09-08T07:18:27.1393770Z Commit: 27cb235aab5b0e52e153a26cd86b4742e89dac5d
2025-09-08T07:18:27.1394451Z Build Date: 2025-08-29T13:48:48Z
2025-09-08T07:18:27.1395047Z ##[endgroup]
2025-09-08T07:18:27.1395552Z ##[group]Operating System
2025-09-08T07:18:27.1396131Z Ubuntu
2025-09-08T07:18:27.1396582Z 24.04.3
2025-09-08T07:18:27.1397037Z LTS
2025-09-08T07:18:27.1397671Z ##[endgroup]
2025-09-08T07:18:27.1398305Z ##[group]Runner Image
2025-09-08T07:18:27.1398863Z Image: ubuntu-24.04
2025-09-08T07:18:27.1399325Z Version: 20250831.1.0
2025-09-08T07:18:27.1400388Z Included Software: https://github.com/actions/runner-images/blob/ubuntu24/20250831.1/images/ubuntu/Ubuntu2404-Readme.md
2025-09-08T07:18:27.1401832Z Image Release: https://github.com/actions/runner-images/releases/tag/ubuntu24%2F20250831.1
2025-09-08T07:18:27.1402809Z ##[endgroup]
2025-09-08T07:18:27.1403909Z ##[group]GITHUB_TOKEN Permissions
2025-09-08T07:18:27.1405727Z Contents: read
2025-09-08T07:18:27.1406261Z Metadata: read
2025-09-08T07:18:27.1406709Z Packages: read
2025-09-08T07:18:27.1407277Z ##[endgroup]
2025-09-08T07:18:27.1409401Z Secret source: Actions
2025-09-08T07:18:27.1410081Z Prepare workflow directory
2025-09-08T07:18:27.1753084Z Prepare all required actions
2025-09-08T07:18:27.1812604Z Getting action download info
2025-09-08T07:18:27.6087655Z Download action repository 'actions/checkout@v4' (SHA:08eba0b27e820071cde6df949e0beb9ba4906955)
2025-09-08T07:18:27.7637348Z Download action repository 'pnpm/action-setup@v3' (SHA:a3252b78c470c02df07e9d59298aecedc3ccdd6d)
2025-09-08T07:18:28.7055089Z Download action repository 'actions/setup-node@v4' (SHA:49933ea5288caeca8642d1e84afbd3f7d6820020)
2025-09-08T07:18:28.9126644Z Complete job name: validate
2025-09-08T07:18:28.9829920Z ##[group]Run actions/checkout@v4
2025-09-08T07:18:28.9830844Z with:
2025-09-08T07:18:28.9831347Z   repository: Manu-rwd/AI_Testing_Framework
2025-09-08T07:18:28.9832101Z   token: ***
2025-09-08T07:18:28.9832532Z   ssh-strict: true
2025-09-08T07:18:28.9832999Z   ssh-user: git
2025-09-08T07:18:28.9833457Z   persist-credentials: true
2025-09-08T07:18:28.9833951Z   clean: true
2025-09-08T07:18:28.9834407Z   sparse-checkout-cone-mode: true
2025-09-08T07:18:28.9834951Z   fetch-depth: 1
2025-09-08T07:18:28.9835395Z   fetch-tags: false
2025-09-08T07:18:28.9835864Z   show-progress: true
2025-09-08T07:18:28.9836341Z   lfs: false
2025-09-08T07:18:28.9836766Z   submodules: false
2025-09-08T07:18:28.9837229Z   set-safe-directory: true
2025-09-08T07:18:28.9838213Z ##[endgroup]
2025-09-08T07:18:29.0895456Z Syncing repository: Manu-rwd/AI_Testing_Framework
2025-09-08T07:18:29.0897404Z ##[group]Getting Git version info
2025-09-08T07:18:29.0898763Z Working directory is '/home/runner/work/AI_Testing_Framework/AI_Testing_Framework'
2025-09-08T07:18:29.0900051Z [command]/usr/bin/git version
2025-09-08T07:18:29.0959858Z git version 2.51.0
2025-09-08T07:18:29.0985721Z ##[endgroup]
2025-09-08T07:18:29.0998782Z Temporarily overriding HOME='/home/runner/work/_temp/568e532c-6937-457f-8174-ba37e260c2f4' before making global git config changes
2025-09-08T07:18:29.1003363Z Adding repository directory to the temporary git global config as a safe directory
2025-09-08T07:18:29.1004851Z [command]/usr/bin/git config --global --add safe.directory /home/runner/work/AI_Testing_Framework/AI_Testing_Framework
2025-09-08T07:18:29.1038130Z Deleting the contents of '/home/runner/work/AI_Testing_Framework/AI_Testing_Framework'
2025-09-08T07:18:29.1041395Z ##[group]Initializing the repository
2025-09-08T07:18:29.1045268Z [command]/usr/bin/git init /home/runner/work/AI_Testing_Framework/AI_Testing_Framework
2025-09-08T07:18:29.1153625Z hint: Using 'master' as the name for the initial branch. This default branch name
2025-09-08T07:18:29.1155554Z hint: is subject to change. To configure the initial branch name to use in all
2025-09-08T07:18:29.1157937Z hint: of your new repositories, which will suppress this warning, call:
2025-09-08T07:18:29.1159342Z hint:
2025-09-08T07:18:29.1160324Z hint: 	git config --global init.defaultBranch <name>
2025-09-08T07:18:29.1161662Z hint:
2025-09-08T07:18:29.1162861Z hint: Names commonly chosen instead of 'master' are 'main', 'trunk' and
2025-09-08T07:18:29.1164743Z hint: 'development'. The just-created branch can be renamed via this command:
2025-09-08T07:18:29.1166235Z hint:
2025-09-08T07:18:29.1167048Z hint: 	git branch -m <name>
2025-09-08T07:18:29.1168254Z hint:
2025-09-08T07:18:29.1169515Z hint: Disable this message with "git config set advice.defaultBranchName false"
2025-09-08T07:18:29.1171598Z Initialized empty Git repository in /home/runner/work/AI_Testing_Framework/AI_Testing_Framework/.git/
2025-09-08T07:18:29.1175216Z [command]/usr/bin/git remote add origin https://github.com/Manu-rwd/AI_Testing_Framework
2025-09-08T07:18:29.1207008Z ##[endgroup]
2025-09-08T07:18:29.1208175Z ##[group]Disabling automatic garbage collection
2025-09-08T07:18:29.1211171Z [command]/usr/bin/git config --local gc.auto 0
2025-09-08T07:18:29.1239476Z ##[endgroup]
2025-09-08T07:18:29.1240723Z ##[group]Setting up auth
2025-09-08T07:18:29.1245222Z [command]/usr/bin/git config --local --name-only --get-regexp core\.sshCommand
2025-09-08T07:18:29.1274512Z [command]/usr/bin/git submodule foreach --recursive sh -c "git config --local --name-only --get-regexp 'core\.sshCommand' && git config --local --unset-all 'core.sshCommand' || :"
2025-09-08T07:18:29.1574580Z [command]/usr/bin/git config --local --name-only --get-regexp http\.https\:\/\/github\.com\/\.extraheader
2025-09-08T07:18:29.1602163Z [command]/usr/bin/git submodule foreach --recursive sh -c "git config --local --name-only --get-regexp 'http\.https\:\/\/github\.com\/\.extraheader' && git config --local --unset-all 'http.https://github.com/.extraheader' || :"
2025-09-08T07:18:29.1817389Z [command]/usr/bin/git config --local http.https://github.com/.extraheader AUTHORIZATION: basic ***
2025-09-08T07:18:29.1855938Z ##[endgroup]
2025-09-08T07:18:29.1857349Z ##[group]Fetching the repository
2025-09-08T07:18:29.1865085Z [command]/usr/bin/git -c protocol.version=2 fetch --no-tags --prune --no-recurse-submodules --depth=1 origin +5650081d8ebd4abcb42b4f07eb41c1c6d196796a:refs/remotes/pull/1/merge
2025-09-08T07:18:29.8036520Z From https://github.com/Manu-rwd/AI_Testing_Framework
2025-09-08T07:18:29.8038035Z  * [new ref]         5650081d8ebd4abcb42b4f07eb41c1c6d196796a -> pull/1/merge
2025-09-08T07:18:29.8065980Z ##[endgroup]
2025-09-08T07:18:29.8066668Z ##[group]Determining the checkout info
2025-09-08T07:18:29.8068321Z ##[endgroup]
2025-09-08T07:18:29.8073212Z [command]/usr/bin/git sparse-checkout disable
2025-09-08T07:18:29.8112768Z [command]/usr/bin/git config --local --unset-all extensions.worktreeConfig
2025-09-08T07:18:29.8140206Z ##[group]Checking out the ref
2025-09-08T07:18:29.8144396Z [command]/usr/bin/git checkout --progress --force refs/remotes/pull/1/merge
2025-09-08T07:18:29.8182304Z (BOM is not a valid attribute name: qa-framework/.gitattributes:1
2025-09-08T07:18:29.8293297Z Note: switching to 'refs/remotes/pull/1/merge'.
2025-09-08T07:18:29.8293966Z 
2025-09-08T07:18:29.8294338Z You are in 'detached HEAD' state. You can look around, make experimental
2025-09-08T07:18:29.8295176Z changes and commit them, and you can discard any commits you make in this
2025-09-08T07:18:29.8296013Z state without impacting any branches by switching back to a branch.
2025-09-08T07:18:29.8296507Z 
2025-09-08T07:18:29.8296999Z If you want to create a new branch to retain commits you create, you may
2025-09-08T07:18:29.8298636Z do so (now or later) by using -c with the switch command. Example:
2025-09-08T07:18:29.8299517Z 
2025-09-08T07:18:29.8299918Z   git switch -c <new-branch-name>
2025-09-08T07:18:29.8300531Z 
2025-09-08T07:18:29.8300892Z Or undo this operation with:
2025-09-08T07:18:29.8301494Z 
2025-09-08T07:18:29.8301837Z   git switch -
2025-09-08T07:18:29.8302233Z 
2025-09-08T07:18:29.8303205Z Turn off this advice by setting config variable advice.detachedHead to false
2025-09-08T07:18:29.8304153Z 
2025-09-08T07:18:29.8305307Z HEAD is now at 5650081 Merge 2cdcdc81fcfde4d5e8c57cb5bf11d28eaf0b2871 into 56f47acc530adf756e6ca84739457cbe327d8fd0
2025-09-08T07:18:29.8308727Z ##[endgroup]
2025-09-08T07:18:29.8337057Z [command]/usr/bin/git log -1 --format=%H
2025-09-08T07:18:29.8358216Z 5650081d8ebd4abcb42b4f07eb41c1c6d196796a
2025-09-08T07:18:29.8569127Z ##[group]Run pnpm/action-setup@v3
2025-09-08T07:18:29.8569774Z with:
2025-09-08T07:18:29.8570252Z   version: 9
2025-09-08T07:18:29.8570753Z   dest: ~/setup-pnpm
2025-09-08T07:18:29.8571246Z   run_install: null
2025-09-08T07:18:29.8571756Z   package_json_file: package.json
2025-09-08T07:18:29.8572471Z   standalone: false
2025-09-08T07:18:29.8572927Z ##[endgroup]
2025-09-08T07:18:29.9411437Z ##[group]Running self-installer...
2025-09-08T07:18:30.5809691Z Progress: resolved 1, reused 0, downloaded 0, added 0
2025-09-08T07:18:30.5929944Z Packages: +1
2025-09-08T07:18:30.5930902Z +
2025-09-08T07:18:31.0428326Z Progress: resolved 1, reused 0, downloaded 1, added 1, done
2025-09-08T07:18:31.0718846Z 
2025-09-08T07:18:31.0719800Z dependencies:
2025-09-08T07:18:31.0722559Z + pnpm 9.15.9 (10.15.1 is available)
2025-09-08T07:18:31.0723633Z 
2025-09-08T07:18:31.0751934Z Done in 972ms
2025-09-08T07:18:31.0949990Z ##[endgroup]
2025-09-08T07:18:31.0953154Z Installation Completed!
2025-09-08T07:18:31.1205301Z ##[group]Run actions/setup-node@v4
2025-09-08T07:18:31.1206465Z with:
2025-09-08T07:18:31.1207243Z   node-version: 22
2025-09-08T07:18:31.1208300Z   cache: pnpm
2025-09-08T07:18:31.1209145Z   always-auth: false
2025-09-08T07:18:31.1210006Z   check-latest: false
2025-09-08T07:18:31.1211204Z   token: ***
2025-09-08T07:18:31.1211988Z env:
2025-09-08T07:18:31.1212939Z   PNPM_HOME: /home/runner/setup-pnpm/node_modules/.bin
2025-09-08T07:18:31.1214281Z ##[endgroup]
2025-09-08T07:18:31.3007677Z Found in cache @ /opt/hostedtoolcache/node/22.19.0/x64
2025-09-08T07:18:31.3016464Z ##[group]Environment details
2025-09-08T07:18:33.7435443Z node: v22.19.0
2025-09-08T07:18:33.7435813Z npm: 10.9.3
2025-09-08T07:18:33.7436094Z yarn: 1.22.22
2025-09-08T07:18:33.7437626Z ##[endgroup]
2025-09-08T07:18:33.7460203Z [command]/home/runner/setup-pnpm/node_modules/.bin/pnpm store path --silent
2025-09-08T07:18:34.2682457Z /home/runner/setup-pnpm/node_modules/.bin/store/v3
2025-09-08T07:18:34.2777868Z ##[error]Dependencies lock file is not found in /home/runner/work/AI_Testing_Framework/AI_Testing_Framework. Supported file patterns: pnpm-lock.yaml
2025-09-08T07:18:34.2887700Z Post job cleanup.
2025-09-08T07:18:34.3724424Z Pruning is unnecessary.
2025-09-08T07:18:34.3827285Z Post job cleanup.
2025-09-08T07:18:34.4751600Z [command]/usr/bin/git version
2025-09-08T07:18:34.4786599Z git version 2.51.0
2025-09-08T07:18:34.4834778Z Temporarily overriding HOME='/home/runner/work/_temp/244097dc-7abc-4fd3-a936-d8845a0b66f5' before making global git config changes
2025-09-08T07:18:34.4835932Z Adding repository directory to the temporary git global config as a safe directory
2025-09-08T07:18:34.4840155Z [command]/usr/bin/git config --global --add safe.directory /home/runner/work/AI_Testing_Framework/AI_Testing_Framework
2025-09-08T07:18:34.4873194Z [command]/usr/bin/git config --local --name-only --get-regexp core\.sshCommand
2025-09-08T07:18:34.4903846Z [command]/usr/bin/git submodule foreach --recursive sh -c "git config --local --name-only --get-regexp 'core\.sshCommand' && git config --local --unset-all 'core.sshCommand' || :"
2025-09-08T07:18:34.5115069Z fatal: No url found for submodule path 'ADEF/framework' in .gitmodules
2025-09-08T07:18:34.5145017Z ##[warning]The process '/usr/bin/git' failed with exit code 128
2025-09-08T07:18:34.5229391Z Cleaning up orphan processes
